// Jest Snapshot v1, https://goo.gl/fbAQLP

exports[`Unit Test <App /> Component should mount <App /> correctly 1`] = `
<div
  className="App"
>
  <Switch>
    <Route
      exact={true}
      path="/Login"
    >
      <Login />
    </Route>
    <ProtectedRoute
      path="/Home"
    >
      <Home />
    </ProtectedRoute>
    <Route
      exact={true}
      path="/Register"
    >
      <Register />
    </Route>
    <Route
      path="/"
    >
      <Login />
    </Route>
  </Switch>
</div>
`;
